// Jest Snapshot v1, https://goo.gl/fbAQLP

exports[`Pruebas en <AppRouter /> Debe de mostrarse correctamente 1`] = `
Array [
  <nav
    className="navbar navbar-expand navbar-light d-flex justify-content-center justify-content-sm-between mb-3 flex-wrap"
  >
    <a
      aria-current="page"
      className="navbar-brand fw-bold fs-4 active"
      href="/"
      onClick={[Function]}
    >
      UseContext
    </a>
    <ul
      className="navbar-nav"
    >
      <li
        className="nav-item"
      >
        <a
          aria-current="page"
          className="nav-link fw-bold active"
          href="/"
          onClick={[Function]}
        >
          Home
        </a>
      </li>
      <li
        className="nav-item"
      >
        <a
          className="nav-link fw-bold"
          href="/about"
          onClick={[Function]}
        >
          About
        </a>
      </li>
      <li
        className="nav-item"
      >
        <a
          className="nav-link fw-bold"
          href="/login"
          onClick={[Function]}
        >
          login
        </a>
      </li>
    </ul>
  </nav>,
  <div>
    <h1>
      HomeScreeen
    </h1>
    <hr />
    <pre>
      {
    "id": 123,
    "name": "Brandon",
    "email": "brandon@gmail.com"
}
    </pre>
  </div>,
]
`;
